// Jest Snapshot v1, https://goo.gl/fbAQLP

exports[`<Contact /> Should render the <Contact />. 1`] = `ShallowWrapper {}`;
