// Jest Snapshot v1, https://goo.gl/fbAQLP

exports[`<PortfolioItem /> Should render the <PortfolioItem />. 1`] = `ShallowWrapper {}`;
