// Jest Snapshot v1, https://goo.gl/fbAQLP

exports[`<Portfolio /> Should render the <Portfolio />. 1`] = `ShallowWrapper {}`;
