// Jest Snapshot v1, https://goo.gl/fbAQLP

exports[`<App /> Should render the <App />. 1`] = `ShallowWrapper {}`;
