// Jest Snapshot v1, https://goo.gl/fbAQLP

exports[`<About /> Should render the <About />. 1`] = `ShallowWrapper {}`;
