// Jest Snapshot v1, https://goo.gl/fbAQLP

exports[`<InfoList /> Should render the <InfoList />. 1`] = `ShallowWrapper {}`;
