// Jest Snapshot v1, https://goo.gl/fbAQLP

exports[`<Skills /> Should render the <Skills />. 1`] = `ShallowWrapper {}`;
