// Jest Snapshot v1, https://goo.gl/fbAQLP

exports[`<PortfoliTimelineItemoItem /> Should render the <TimelineItem /> with present prop. 1`] = `ShallowWrapper {}`;

exports[`<PortfoliTimelineItemoItem /> Should render the <TimelineItem />. 1`] = `ShallowWrapper {}`;
