// Jest Snapshot v1, https://goo.gl/fbAQLP

exports[`<Footer /> Should render the <Footer /> component. 1`] = `ShallowWrapper {}`;
