// Jest Snapshot v1, https://goo.gl/fbAQLP

exports[`<Nav /> Should render the <Nav /> component when viewed from a small device. 1`] = `ShallowWrapper {}`;

exports[`<Nav /> Should render the <Nav /> component. 1`] = `ShallowWrapper {}`;
