// Jest Snapshot v1, https://goo.gl/fbAQLP

exports[`<SectionHeading /> Should render the <SectionHeading /> component. 1`] = `ShallowWrapper {}`;
