// Jest Snapshot v1, https://goo.gl/fbAQLP

exports[`<SocialIcon /> Should render the <SocialIcon /> component. 1`] = `ShallowWrapper {}`;
