// Jest Snapshot v1, https://goo.gl/fbAQLP

exports[`<Intro /> Should render the <Intro />. 1`] = `ShallowWrapper {}`;
